// Jest Snapshot v1, https://goo.gl/fbAQLP

exports[`ProductFormService createChainProduct$ should create chain product 1`] = `
Object {
  "data": Object {
    "allergens": Array [
      "egg",
      "gluten",
    ],
    "chainId": "chainId_",
    "configSets": null,
    "createdAt": Any<String>,
    "description": Object {
      "de": null,
      "en": "DESCRIPTION",
      "hu": null,
    },
    "dirty": null,
    "externalId": null,
    "id": "test_ADMIN_PRODUCT_IT_CHAIN_PRODUCT_ID_01",
    "image": "IMAGE",
    "isVisible": true,
    "name": Object {
      "de": null,
      "en": "CHAIN_PRODUCT",
      "hu": null,
    },
    "productCategoryId": "productCategoryId_",
    "productType": "PRODUCT_TYPE",
    "updatedAt": Any<String>,
    "variants": Array [
      Object {
        "availabilities": Array [
          Object {
            "dayFrom": "",
            "dayTo": "",
            "price": 0.5,
            "timeFrom": "",
            "timeTo": "",
            "type": "A",
          },
        ],
        "id": "test_ChainProductVariant_id_1",
        "isAvailable": true,
        "netPackagingFee": null,
        "pack": Object {
          "size": 1,
          "unit": "CHAIN_UNIT",
        },
        "position": 1,
        "price": 10,
        "refGroupPrice": 10,
        "soldOut": null,
        "variantName": Object {
          "de": null,
          "en": "VARIANT_NAME_1",
          "hu": null,
        },
      },
      Object {
        "availabilities": Array [
          Object {
            "dayFrom": "",
            "dayTo": "",
            "price": 1,
            "timeFrom": "",
            "timeTo": "",
            "type": "A",
          },
        ],
        "id": "test_ChainProductVariant_id_2",
        "isAvailable": true,
        "netPackagingFee": null,
        "pack": Object {
          "size": 2,
          "unit": "CHAIN_UNIT",
        },
        "position": 2,
        "price": 20,
        "refGroupPrice": 20,
        "soldOut": null,
        "variantName": Object {
          "de": null,
          "en": "VARIANT_NAME_2",
          "hu": null,
        },
      },
    ],
  },
  "type": "insert",
}
`;

exports[`ProductFormService createGroupProduct$ should create group product 1`] = `
Object {
  "data": Object {
    "chainId": "chainId_",
    "configSets": null,
    "createdAt": Any<String>,
    "dirty": null,
    "externalId": null,
    "groupId": "groupId_",
    "id": "test_ADMIN_PRODUCT_IT_GROUP_PRODUCT_ID_01",
    "isVisible": true,
    "parentId": "parentId_",
    "takeawayTax": 12,
    "tax": 27,
    "updatedAt": Any<String>,
    "variants": Array [
      Object {
        "availabilities": Array [
          Object {
            "dayFrom": "",
            "dayTo": "",
            "price": 1,
            "timeFrom": "",
            "timeTo": "",
            "type": "A",
          },
        ],
        "id": "test_GroupProductVariant_id_1",
        "isAvailable": true,
        "netPackagingFee": null,
        "pack": Object {
          "size": 1,
          "unit": "GROUP_UNIT",
        },
        "position": 1,
        "price": 20,
        "refGroupPrice": 20,
        "soldOut": null,
        "variantName": Object {
          "de": null,
          "en": "VARIANT_NAME_1",
          "hu": null,
        },
      },
      Object {
        "availabilities": Array [
          Object {
            "dayFrom": "",
            "dayTo": "",
            "price": 2,
            "timeFrom": "",
            "timeTo": "",
            "type": "A",
          },
        ],
        "id": "test_GroupProductVariant_id_2",
        "isAvailable": true,
        "netPackagingFee": null,
        "pack": Object {
          "size": 2,
          "unit": "GROUP_UNIT",
        },
        "position": 2,
        "price": 40,
        "refGroupPrice": 40,
        "soldOut": null,
        "variantName": Object {
          "de": null,
          "en": "VARIANT_NAME_2",
          "hu": null,
        },
      },
    ],
  },
  "type": "insert",
}
`;

exports[`ProductFormService createProductExtendFormGroup should create form group 1`] = `
Object {
  "configSets": Array [],
  "isVisible": "",
  "takeawayTax": "",
  "tax": "",
  "variants": Array [],
}
`;

exports[`ProductFormService createProductExtendFormGroup should create form group 2`] = `
Object {
  "configSets": Array [],
  "isVisible": "",
  "laneId": "",
  "supportedServingModes": Array [],
  "variants": Array [],
}
`;

exports[`ProductFormService createProductFormGroup should create form group 1`] = `
Object {
  "allergens": Array [],
  "configSets": Array [],
  "description": Object {
    "de": "",
    "en": "",
    "hu": "",
  },
  "image": "",
  "isVisible": "",
  "name": Object {
    "de": "",
    "en": "",
    "hu": "",
  },
  "productCategoryId": "",
  "productType": "",
  "variants": Array [],
}
`;

exports[`ProductFormService createUnitProduct$ should create unit product 1`] = `
Object {
  "data": Object {
    "chainId": "chainId_",
    "configSets": null,
    "createdAt": Any<String>,
    "dirty": null,
    "externalId": null,
    "groupId": "groupId_",
    "id": "test_ADMIN_PRODUCT_IT_UNIT_PRODUCT_ID_01",
    "isVisible": true,
    "laneId": "laneId_",
    "parentId": "parentId_",
    "position": 1,
    "supportedServingModes": Array [
      "takeAway",
    ],
    "takeaway": true,
    "unitId": "unitId_",
    "updatedAt": Any<String>,
    "variants": Array [
      Object {
        "availabilities": Array [
          Object {
            "dayFrom": "",
            "dayTo": "",
            "price": 1.5,
            "timeFrom": "",
            "timeTo": "",
            "type": "A",
          },
        ],
        "id": "test_UnitProductVariant_id_1",
        "isAvailable": true,
        "netPackagingFee": 1,
        "pack": Object {
          "size": 1,
          "unit": "UNIT_UNIT",
        },
        "position": 1,
        "price": 30,
        "refGroupPrice": 30,
        "soldOut": true,
        "variantName": Object {
          "de": null,
          "en": "VARIANT_NAME_1",
          "hu": null,
        },
      },
      Object {
        "availabilities": Array [
          Object {
            "dayFrom": "",
            "dayTo": "",
            "price": 3,
            "timeFrom": "",
            "timeTo": "",
            "type": "A",
          },
        ],
        "id": "test_UnitProductVariant_id_2",
        "isAvailable": true,
        "netPackagingFee": 1,
        "pack": Object {
          "size": 2,
          "unit": "UNIT_UNIT",
        },
        "position": 2,
        "price": 60,
        "refGroupPrice": 60,
        "soldOut": true,
        "variantName": Object {
          "de": null,
          "en": "VARIANT_NAME_2",
          "hu": null,
        },
      },
    ],
  },
  "type": "insert",
}
`;

exports[`ProductFormService patchConfigSet should add configsets to form array 1`] = `Array []`;

exports[`ProductFormService patchExtendedProductVariants should add variants to form array 1`] = `
Array [
  Object {
    "availabilities": Array [
      Object {
        "dayFrom": "",
        "dayTo": "",
        "price": 1,
        "timeFrom": "",
        "timeTo": "",
        "type": "A",
      },
    ],
    "id": "test_GroupProductVariant_id_1",
    "isAvailable": true,
    "netPackagingFee": 0,
    "pack": Object {
      "size": 1,
      "unit": "GROUP_UNIT",
    },
    "position": 1,
    "price": 20,
    "refGroupPrice": 20,
    "variantName": Object {
      "de": "",
      "en": "VARIANT_NAME_1",
      "hu": "",
    },
  },
  Object {
    "availabilities": Array [
      Object {
        "dayFrom": "",
        "dayTo": "",
        "price": 2,
        "timeFrom": "",
        "timeTo": "",
        "type": "A",
      },
    ],
    "id": "test_GroupProductVariant_id_2",
    "isAvailable": true,
    "netPackagingFee": 0,
    "pack": Object {
      "size": 2,
      "unit": "GROUP_UNIT",
    },
    "position": 2,
    "price": 40,
    "refGroupPrice": 40,
    "variantName": Object {
      "de": "",
      "en": "VARIANT_NAME_2",
      "hu": "",
    },
  },
]
`;

exports[`ProductFormService patchProductVariants should add variants to form array 1`] = `
Array [
  Object {
    "availabilities": Array [],
    "id": "test_ChainProductVariant_id_1",
    "isAvailable": true,
    "netPackagingFee": 0,
    "pack": Object {
      "size": 1,
      "unit": "CHAIN_UNIT",
    },
    "position": 1,
    "price": 10,
    "refGroupPrice": 10,
    "variantName": Object {
      "de": "",
      "en": "VARIANT_NAME_1",
      "hu": "",
    },
  },
  Object {
    "availabilities": Array [],
    "id": "test_ChainProductVariant_id_2",
    "isAvailable": true,
    "netPackagingFee": 0,
    "pack": Object {
      "size": 2,
      "unit": "CHAIN_UNIT",
    },
    "position": 2,
    "price": 20,
    "refGroupPrice": 20,
    "variantName": Object {
      "de": "",
      "en": "VARIANT_NAME_2",
      "hu": "",
    },
  },
]
`;

exports[`ProductFormService updateChainProduct$ should update chain product 1`] = `
Object {
  "data": Object {
    "allergens": Array [
      "egg",
      "gluten",
    ],
    "chainId": "chainId_",
    "configSets": null,
    "createdAt": Any<String>,
    "description": Object {
      "de": null,
      "en": "DESCRIPTION",
      "hu": null,
    },
    "dirty": null,
    "externalId": null,
    "id": "test_ADMIN_PRODUCT_IT_CHAIN_PRODUCT_ID_01",
    "image": "IMAGE_MOD",
    "isVisible": true,
    "name": Object {
      "de": null,
      "en": "CHAIN_PRODUCT",
      "hu": null,
    },
    "productCategoryId": "productCategoryId_",
    "productType": "PRODUCT_TYPE_MOD",
    "updatedAt": Any<String>,
    "variants": Array [
      Object {
        "availabilities": Array [
          Object {
            "dayFrom": "",
            "dayTo": "",
            "price": 0.5,
            "timeFrom": "",
            "timeTo": "",
            "type": "A",
          },
        ],
        "id": "test_ChainProductVariant_id_1",
        "isAvailable": true,
        "netPackagingFee": null,
        "pack": Object {
          "size": 1,
          "unit": "CHAIN_UNIT",
        },
        "position": 1,
        "price": 10,
        "refGroupPrice": 10,
        "soldOut": null,
        "variantName": Object {
          "de": null,
          "en": "VARIANT_NAME_1",
          "hu": null,
        },
      },
      Object {
        "availabilities": Array [
          Object {
            "dayFrom": "",
            "dayTo": "",
            "price": 1,
            "timeFrom": "",
            "timeTo": "",
            "type": "A",
          },
        ],
        "id": "test_ChainProductVariant_id_2",
        "isAvailable": true,
        "netPackagingFee": null,
        "pack": Object {
          "size": 2,
          "unit": "CHAIN_UNIT",
        },
        "position": 2,
        "price": 20,
        "refGroupPrice": 20,
        "soldOut": null,
        "variantName": Object {
          "de": null,
          "en": "VARIANT_NAME_2",
          "hu": null,
        },
      },
    ],
  },
  "type": "update",
}
`;

exports[`ProductFormService updateGroupProduct$ should update group product 1`] = `
Object {
  "data": Object {
    "chainId": "chainId_",
    "configSets": null,
    "createdAt": Any<String>,
    "dirty": null,
    "externalId": null,
    "groupId": "groupId_",
    "id": "test_ADMIN_PRODUCT_IT_GROUP_PRODUCT_ID_01",
    "isVisible": true,
    "parentId": "parentId_",
    "takeawayTax": 30,
    "tax": 33,
    "updatedAt": Any<String>,
    "variants": Array [
      Object {
        "availabilities": Array [
          Object {
            "dayFrom": "",
            "dayTo": "",
            "price": 1,
            "timeFrom": "",
            "timeTo": "",
            "type": "A",
          },
        ],
        "id": "test_GroupProductVariant_id_1",
        "isAvailable": true,
        "netPackagingFee": null,
        "pack": Object {
          "size": 1,
          "unit": "GROUP_UNIT",
        },
        "position": 1,
        "price": 20,
        "refGroupPrice": 20,
        "soldOut": null,
        "variantName": Object {
          "de": null,
          "en": "VARIANT_NAME_1",
          "hu": null,
        },
      },
      Object {
        "availabilities": Array [
          Object {
            "dayFrom": "",
            "dayTo": "",
            "price": 2,
            "timeFrom": "",
            "timeTo": "",
            "type": "A",
          },
        ],
        "id": "test_GroupProductVariant_id_2",
        "isAvailable": true,
        "netPackagingFee": null,
        "pack": Object {
          "size": 2,
          "unit": "GROUP_UNIT",
        },
        "position": 2,
        "price": 40,
        "refGroupPrice": 40,
        "soldOut": null,
        "variantName": Object {
          "de": null,
          "en": "VARIANT_NAME_2",
          "hu": null,
        },
      },
    ],
  },
  "type": "update",
}
`;

exports[`ProductFormService updateUnitProduct$ should update unit product 1`] = `
Object {
  "data": Object {
    "chainId": "chainId_",
    "configSets": null,
    "createdAt": Any<String>,
    "dirty": null,
    "externalId": null,
    "groupId": "groupId_",
    "id": "test_ADMIN_PRODUCT_IT_UNIT_PRODUCT_ID_01",
    "isVisible": false,
    "laneId": "laneId_",
    "parentId": "parentId_",
    "position": 1,
    "supportedServingModes": Array [
      "inPlace",
    ],
    "takeaway": true,
    "unitId": "unitId_",
    "updatedAt": Any<String>,
    "variants": Array [
      Object {
        "availabilities": Array [
          Object {
            "dayFrom": "",
            "dayTo": "",
            "price": 1.5,
            "timeFrom": "",
            "timeTo": "",
            "type": "A",
          },
        ],
        "id": "test_UnitProductVariant_id_1",
        "isAvailable": true,
        "netPackagingFee": 1,
        "pack": Object {
          "size": 1,
          "unit": "UNIT_UNIT",
        },
        "position": 1,
        "price": 30,
        "refGroupPrice": 30,
        "soldOut": true,
        "variantName": Object {
          "de": null,
          "en": "VARIANT_NAME_1",
          "hu": null,
        },
      },
      Object {
        "availabilities": Array [
          Object {
            "dayFrom": "",
            "dayTo": "",
            "price": 3,
            "timeFrom": "",
            "timeTo": "",
            "type": "A",
          },
        ],
        "id": "test_UnitProductVariant_id_2",
        "isAvailable": true,
        "netPackagingFee": 1,
        "pack": Object {
          "size": 2,
          "unit": "UNIT_UNIT",
        },
        "position": 2,
        "price": 60,
        "refGroupPrice": 60,
        "soldOut": true,
        "variantName": Object {
          "de": null,
          "en": "VARIANT_NAME_2",
          "hu": null,
        },
      },
    ],
  },
  "type": "update",
}
`;
