// Jest Snapshot v1, https://goo.gl/fbAQLP

exports[`CRUD endpoints AUTH test should require authentication to access 1`] = `[Error: GraphQL error: Not Authorized to access getOrder on type Query]`;
